V3 3
FL "C:/Users/Juan Camilo/Documents/UMNG/Digitales/SistemasDigitales/Sumador/Comparador/ComparadorPrueba.vhd" 2019/09/20.08:08:04 P.20131013
EN work/ComparadorPrueba 0 \
      FL "C:/Users/Juan Camilo/Documents/UMNG/Digitales/SistemasDigitales/Sumador/Comparador/ComparadorPrueba.vhd" \
      PB ieee/std_logic_1164 1381692176
AR work/ComparadorPrueba/Behavioral 0 \
      FL "C:/Users/Juan Camilo/Documents/UMNG/Digitales/SistemasDigitales/Sumador/Comparador/ComparadorPrueba.vhd" \
      EN work/ComparadorPrueba 0
