AR sumador4bits behavioral "C:/Users/Juan Camilo/Documents/UMNG/Digitales/SistemasDigitales/Sumador/Sumador/Sumador4Bits.vhd" sub00/vhpl05 1568985201
AR sumador behavioral "C:/Users/Juan Camilo/Documents/UMNG/Digitales/SistemasDigitales/Sumador/Sumador/Sumador.vhd" sub00/vhpl01 1568985199
AR comparador behavioral "C:/Users/Juan Camilo/Documents/UMNG/Digitales/SistemasDigitales/Sumador/Sumador/Comparador.vhd" sub00/vhpl03 1568922863
EN comparador NULL "C:/Users/Juan Camilo/Documents/UMNG/Digitales/SistemasDigitales/Sumador/Sumador/Comparador.vhd" sub00/vhpl02 1568985165
EN sumador4bits NULL "C:/Users/Juan Camilo/Documents/UMNG/Digitales/SistemasDigitales/Sumador/Sumador/Sumador4Bits.vhd" sub00/vhpl04 1568985200
EN sumador NULL "C:/Users/Juan Camilo/Documents/UMNG/Digitales/SistemasDigitales/Sumador/Sumador/Sumador.vhd" sub00/vhpl00 1568985198
